mode: set
github.com/dvpalkin/mooring-simulator/internal/physics/body.go:16.40,18.2 1 1
github.com/dvpalkin/mooring-simulator/internal/physics/body.go:28.81,32.2 3 1
github.com/dvpalkin/mooring-simulator/internal/physics/body.go:35.36,38.2 2 1
github.com/dvpalkin/mooring-simulator/internal/physics/body.go:42.67,43.13 1 1
github.com/dvpalkin/mooring-simulator/internal/physics/body.go:43.13,45.3 1 1
github.com/dvpalkin/mooring-simulator/internal/physics/body.go:46.2,53.38 6 1
github.com/dvpalkin/mooring-simulator/internal/physics/collision.go:11.91,12.46 1 1
github.com/dvpalkin/mooring-simulator/internal/physics/collision.go:12.46,14.3 1 1
github.com/dvpalkin/mooring-simulator/internal/physics/collision.go:16.2,20.27 3 1
github.com/dvpalkin/mooring-simulator/internal/physics/collision.go:20.27,22.10 2 1
github.com/dvpalkin/mooring-simulator/internal/physics/collision.go:22.10,23.12 1 0
github.com/dvpalkin/mooring-simulator/internal/physics/collision.go:25.3,26.19 2 1
github.com/dvpalkin/mooring-simulator/internal/physics/collision.go:26.19,28.4 1 1
github.com/dvpalkin/mooring-simulator/internal/physics/collision.go:29.3,29.27 1 1
github.com/dvpalkin/mooring-simulator/internal/physics/collision.go:29.27,32.4 2 1
github.com/dvpalkin/mooring-simulator/internal/physics/collision.go:36.2,36.27 1 1
github.com/dvpalkin/mooring-simulator/internal/physics/collision.go:36.27,38.10 2 1
github.com/dvpalkin/mooring-simulator/internal/physics/collision.go:38.10,39.12 1 0
github.com/dvpalkin/mooring-simulator/internal/physics/collision.go:41.3,42.19 2 1
github.com/dvpalkin/mooring-simulator/internal/physics/collision.go:42.19,44.4 1 0
github.com/dvpalkin/mooring-simulator/internal/physics/collision.go:45.3,45.27 1 1
github.com/dvpalkin/mooring-simulator/internal/physics/collision.go:45.27,48.4 2 0
github.com/dvpalkin/mooring-simulator/internal/physics/collision.go:52.2,54.33 3 1
github.com/dvpalkin/mooring-simulator/internal/physics/collision.go:54.33,56.3 1 1
github.com/dvpalkin/mooring-simulator/internal/physics/collision.go:58.2,60.23 3 1
github.com/dvpalkin/mooring-simulator/internal/physics/collision.go:65.41,67.26 2 1
github.com/dvpalkin/mooring-simulator/internal/physics/collision.go:67.26,69.3 1 0
github.com/dvpalkin/mooring-simulator/internal/physics/collision.go:70.2,70.54 1 1
github.com/dvpalkin/mooring-simulator/internal/physics/collision.go:74.65,77.30 3 1
github.com/dvpalkin/mooring-simulator/internal/physics/collision.go:77.30,79.14 2 1
github.com/dvpalkin/mooring-simulator/internal/physics/collision.go:79.14,81.4 1 1
github.com/dvpalkin/mooring-simulator/internal/physics/collision.go:82.3,82.14 1 1
github.com/dvpalkin/mooring-simulator/internal/physics/collision.go:82.14,84.4 1 1
github.com/dvpalkin/mooring-simulator/internal/physics/collision.go:86.2,86.8 1 1
github.com/dvpalkin/mooring-simulator/internal/physics/collision.go:91.56,97.24 5 1
github.com/dvpalkin/mooring-simulator/internal/physics/collision.go:97.24,99.3 1 1
github.com/dvpalkin/mooring-simulator/internal/physics/collision.go:100.2,100.13 1 1
github.com/dvpalkin/mooring-simulator/internal/physics/collision.go:100.13,102.3 1 1
github.com/dvpalkin/mooring-simulator/internal/physics/collision.go:103.2,103.11 1 1
github.com/dvpalkin/mooring-simulator/internal/physics/collision.go:107.34,109.26 2 1
github.com/dvpalkin/mooring-simulator/internal/physics/collision.go:109.26,111.3 1 1
github.com/dvpalkin/mooring-simulator/internal/physics/collision.go:112.2,112.43 1 1
github.com/dvpalkin/mooring-simulator/internal/physics/collision.go:116.40,118.2 1 1
github.com/dvpalkin/mooring-simulator/internal/physics/forces.go:9.81,10.26 1 1
github.com/dvpalkin/mooring-simulator/internal/physics/forces.go:10.26,12.3 1 1
github.com/dvpalkin/mooring-simulator/internal/physics/forces.go:13.2,15.27 3 1
github.com/dvpalkin/mooring-simulator/internal/physics/forces.go:20.57,22.2 1 1
github.com/dvpalkin/mooring-simulator/internal/physics/forces.go:27.57,30.2 1 1
github.com/dvpalkin/mooring-simulator/internal/physics/forces.go:36.96,37.33 1 1
github.com/dvpalkin/mooring-simulator/internal/physics/forces.go:37.33,39.3 1 1
github.com/dvpalkin/mooring-simulator/internal/physics/forces.go:41.2,42.53 2 1
github.com/dvpalkin/mooring-simulator/internal/physics/forces.go:49.122,54.2 4 1
github.com/dvpalkin/mooring-simulator/internal/physics/mooring.go:9.99,12.30 3 1
github.com/dvpalkin/mooring-simulator/internal/physics/mooring.go:12.30,14.3 1 1
github.com/dvpalkin/mooring-simulator/internal/physics/mooring.go:15.2,21.14 5 1
github.com/dvpalkin/mooring-simulator/internal/physics/mooring.go:21.14,23.3 1 1
github.com/dvpalkin/mooring-simulator/internal/physics/mooring.go:25.2,25.29 1 1
github.com/dvpalkin/mooring-simulator/internal/physics/vec2.go:10.39,10.82 1 1
github.com/dvpalkin/mooring-simulator/internal/physics/vec2.go:11.39,11.82 1 1
github.com/dvpalkin/mooring-simulator/internal/physics/vec2.go:12.39,12.78 1 1
github.com/dvpalkin/mooring-simulator/internal/physics/vec2.go:13.39,13.67 1 1
github.com/dvpalkin/mooring-simulator/internal/physics/vec2.go:14.39,14.67 1 1
github.com/dvpalkin/mooring-simulator/internal/physics/vec2.go:15.39,15.78 1 1
github.com/dvpalkin/mooring-simulator/internal/physics/vec2.go:16.39,16.67 1 1
github.com/dvpalkin/mooring-simulator/internal/physics/vec2.go:19.32,21.12 2 1
github.com/dvpalkin/mooring-simulator/internal/physics/vec2.go:21.12,22.54 1 1
github.com/dvpalkin/mooring-simulator/internal/physics/vec2.go:24.2,24.37 1 1
github.com/dvpalkin/mooring-simulator/internal/physics/vec2.go:28.42,31.2 2 1
github.com/dvpalkin/mooring-simulator/internal/physics/vec2.go:34.27,34.59 1 1
github.com/dvpalkin/mooring-simulator/internal/sim/boat.go:40.41,42.2 1 1
github.com/dvpalkin/mooring-simulator/internal/sim/boat.go:45.55,48.2 2 1
github.com/dvpalkin/mooring-simulator/internal/sim/boat.go:52.55,60.2 6 1
github.com/dvpalkin/mooring-simulator/internal/sim/boat.go:63.37,74.28 5 1
github.com/dvpalkin/mooring-simulator/internal/sim/boat.go:74.28,76.3 1 1
github.com/dvpalkin/mooring-simulator/internal/sim/boat.go:80.67,107.2 8 1
github.com/dvpalkin/mooring-simulator/internal/sim/boat.go:110.68,137.2 8 1
github.com/dvpalkin/mooring-simulator/internal/sim/constants.go:78.58,80.2 1 1
github.com/dvpalkin/mooring-simulator/internal/sim/dock.go:17.67,28.2 2 1
github.com/dvpalkin/mooring-simulator/internal/sim/dock.go:32.64,36.28 4 1
github.com/dvpalkin/mooring-simulator/internal/sim/dock.go:36.28,41.22 5 1
github.com/dvpalkin/mooring-simulator/internal/sim/dock.go:41.22,44.4 2 1
github.com/dvpalkin/mooring-simulator/internal/sim/dock.go:46.2,46.13 1 1
github.com/dvpalkin/mooring-simulator/internal/sim/dock.go:51.65,61.2 2 1
github.com/dvpalkin/mooring-simulator/internal/sim/dock.go:64.58,67.19 3 1
github.com/dvpalkin/mooring-simulator/internal/sim/dock.go:67.19,69.3 1 0
github.com/dvpalkin/mooring-simulator/internal/sim/dock.go:70.2,72.27 3 1
github.com/dvpalkin/mooring-simulator/internal/sim/line.go:17.44,18.26 1 1
github.com/dvpalkin/mooring-simulator/internal/sim/line.go:18.26,19.17 1 1
github.com/dvpalkin/mooring-simulator/internal/sim/line.go:19.17,21.4 1 1
github.com/dvpalkin/mooring-simulator/internal/sim/line.go:23.2,23.12 1 1
github.com/dvpalkin/mooring-simulator/internal/sim/line.go:27.60,29.14 2 1
github.com/dvpalkin/mooring-simulator/internal/sim/line.go:29.14,31.3 1 0
github.com/dvpalkin/mooring-simulator/internal/sim/line.go:32.2,32.56 1 1
github.com/dvpalkin/mooring-simulator/internal/sim/line.go:37.54,39.28 2 1
github.com/dvpalkin/mooring-simulator/internal/sim/line.go:39.28,41.3 1 1
github.com/dvpalkin/mooring-simulator/internal/sim/line.go:42.2,42.46 1 1
github.com/dvpalkin/mooring-simulator/internal/sim/types.go:17.40,18.25 1 1
github.com/dvpalkin/mooring-simulator/internal/sim/types.go:18.25,20.3 1 0
github.com/dvpalkin/mooring-simulator/internal/sim/types.go:21.2,21.26 1 1
github.com/dvpalkin/mooring-simulator/internal/sim/types.go:43.44,43.102 1 1
github.com/dvpalkin/mooring-simulator/internal/sim/types.go:46.35,46.78 1 1
github.com/dvpalkin/mooring-simulator/internal/sim/world.go:40.34,41.13 1 1
github.com/dvpalkin/mooring-simulator/internal/sim/world.go:41.13,43.3 1 0
github.com/dvpalkin/mooring-simulator/internal/sim/world.go:46.2,46.28 1 1
github.com/dvpalkin/mooring-simulator/internal/sim/world.go:46.28,48.3 1 1
github.com/dvpalkin/mooring-simulator/internal/sim/world.go:50.2,52.28 2 1
github.com/dvpalkin/mooring-simulator/internal/sim/world.go:52.28,62.43 6 1
github.com/dvpalkin/mooring-simulator/internal/sim/world.go:62.43,64.20 2 1
github.com/dvpalkin/mooring-simulator/internal/sim/world.go:64.20,68.5 3 1
github.com/dvpalkin/mooring-simulator/internal/sim/world.go:70.4,71.18 2 1
github.com/dvpalkin/mooring-simulator/internal/sim/world.go:71.18,75.5 3 1
github.com/dvpalkin/mooring-simulator/internal/sim/world.go:77.4,77.21 1 1
github.com/dvpalkin/mooring-simulator/internal/sim/world.go:77.21,83.5 5 0
github.com/dvpalkin/mooring-simulator/internal/sim/world.go:87.3,95.32 4 1
github.com/dvpalkin/mooring-simulator/internal/sim/world.go:95.32,96.27 1 1
github.com/dvpalkin/mooring-simulator/internal/sim/world.go:96.27,97.13 1 0
github.com/dvpalkin/mooring-simulator/internal/sim/world.go:99.4,103.32 4 1
github.com/dvpalkin/mooring-simulator/internal/sim/world.go:107.3,107.26 1 1
github.com/dvpalkin/mooring-simulator/internal/sim/world.go:107.26,110.30 3 1
github.com/dvpalkin/mooring-simulator/internal/sim/world.go:110.30,112.5 1 1
github.com/dvpalkin/mooring-simulator/internal/sim/world.go:116.3,116.33 1 1
github.com/dvpalkin/mooring-simulator/internal/sim/world.go:116.33,117.24 1 1
github.com/dvpalkin/mooring-simulator/internal/sim/world.go:117.24,118.13 1 1
github.com/dvpalkin/mooring-simulator/internal/sim/world.go:120.4,123.30 4 1
github.com/dvpalkin/mooring-simulator/internal/sim/world.go:123.30,125.5 1 0
github.com/dvpalkin/mooring-simulator/internal/sim/world.go:128.3,128.38 1 1
github.com/dvpalkin/mooring-simulator/internal/sim/world.go:131.2,131.14 1 1
github.com/dvpalkin/mooring-simulator/internal/sim/world.go:135.36,136.28 1 1
github.com/dvpalkin/mooring-simulator/internal/sim/world.go:136.28,137.17 1 0
github.com/dvpalkin/mooring-simulator/internal/sim/world.go:137.17,139.4 1 0
github.com/dvpalkin/mooring-simulator/internal/sim/world.go:141.2,141.12 1 1
github.com/dvpalkin/mooring-simulator/internal/sim/world.go:146.39,148.28 2 1
github.com/dvpalkin/mooring-simulator/internal/sim/world.go:148.28,149.17 1 1
github.com/dvpalkin/mooring-simulator/internal/sim/world.go:149.17,151.9 2 1
github.com/dvpalkin/mooring-simulator/internal/sim/world.go:154.2,154.12 1 1
github.com/dvpalkin/mooring-simulator/internal/sim/world.go:154.12,156.3 1 1
github.com/dvpalkin/mooring-simulator/internal/sim/world.go:157.2,157.28 1 1
github.com/dvpalkin/mooring-simulator/internal/sim/world.go:157.28,159.3 1 1
github.com/dvpalkin/mooring-simulator/internal/sim/world.go:164.56,165.43 1 1
github.com/dvpalkin/mooring-simulator/internal/sim/world.go:165.43,167.3 1 1
github.com/dvpalkin/mooring-simulator/internal/sim/world.go:168.2,168.31 1 1
github.com/dvpalkin/mooring-simulator/internal/sim/world.go:168.31,170.3 1 1
github.com/dvpalkin/mooring-simulator/internal/sim/world.go:171.2,172.12 2 1
github.com/dvpalkin/mooring-simulator/internal/sim/world.go:176.44,177.36 1 1
github.com/dvpalkin/mooring-simulator/internal/sim/world.go:177.36,179.3 1 1
github.com/dvpalkin/mooring-simulator/internal/sim/world.go:180.2,180.53 1 1
github.com/dvpalkin/mooring-simulator/internal/sim/world.go:191.45,196.2 1 1
github.com/dvpalkin/mooring-simulator/internal/input/handler.go:50.42,50.87 1 1
github.com/dvpalkin/mooring-simulator/internal/input/handler.go:53.39,53.78 1 1
github.com/dvpalkin/mooring-simulator/internal/input/handler.go:56.51,56.80 1 1
github.com/dvpalkin/mooring-simulator/internal/input/handler.go:59.51,59.80 1 1
github.com/dvpalkin/mooring-simulator/internal/input/handler.go:62.70,71.67 5 1
github.com/dvpalkin/mooring-simulator/internal/input/handler.go:71.67,75.3 3 1
github.com/dvpalkin/mooring-simulator/internal/input/handler.go:78.2,78.41 1 1
github.com/dvpalkin/mooring-simulator/internal/input/handler.go:78.41,80.24 2 1
github.com/dvpalkin/mooring-simulator/internal/input/handler.go:80.24,82.4 1 1
github.com/dvpalkin/mooring-simulator/internal/input/handler.go:82.9,84.4 1 1
github.com/dvpalkin/mooring-simulator/internal/input/handler.go:85.3,85.30 1 1
github.com/dvpalkin/mooring-simulator/internal/input/handler.go:85.30,87.4 1 1
github.com/dvpalkin/mooring-simulator/internal/input/handler.go:91.2,91.28 1 1
github.com/dvpalkin/mooring-simulator/internal/input/handler.go:91.28,94.3 2 1
github.com/dvpalkin/mooring-simulator/internal/input/handler.go:96.2,96.17 1 1
github.com/dvpalkin/mooring-simulator/internal/input/handler.go:97.17,98.28 1 1
github.com/dvpalkin/mooring-simulator/internal/input/handler.go:98.28,99.29 1 1
github.com/dvpalkin/mooring-simulator/internal/input/handler.go:99.29,102.5 2 1
github.com/dvpalkin/mooring-simulator/internal/input/handler.go:102.10,105.40 2 1
github.com/dvpalkin/mooring-simulator/internal/input/handler.go:105.40,107.55 2 1
github.com/dvpalkin/mooring-simulator/internal/input/handler.go:107.55,111.7 3 1
github.com/dvpalkin/mooring-simulator/internal/input/handler.go:114.5,114.35 1 1
github.com/dvpalkin/mooring-simulator/internal/input/handler.go:114.35,115.46 1 1
github.com/dvpalkin/mooring-simulator/internal/input/handler.go:115.46,118.7 2 1
github.com/dvpalkin/mooring-simulator/internal/input/handler.go:123.3,123.101 1 1
github.com/dvpalkin/mooring-simulator/internal/input/handler.go:123.101,126.4 2 1
github.com/dvpalkin/mooring-simulator/internal/input/handler.go:128.31,129.28 1 1
github.com/dvpalkin/mooring-simulator/internal/input/handler.go:129.28,131.21 2 1
github.com/dvpalkin/mooring-simulator/internal/input/handler.go:131.21,132.87 1 1
github.com/dvpalkin/mooring-simulator/internal/input/handler.go:132.87,134.49 2 1
github.com/dvpalkin/mooring-simulator/internal/input/handler.go:134.49,142.7 3 1
github.com/dvpalkin/mooring-simulator/internal/input/handler.go:146.4,146.23 1 1
github.com/dvpalkin/mooring-simulator/internal/input/handler.go:149.25,150.29 1 1
github.com/dvpalkin/mooring-simulator/internal/input/handler.go:150.29,151.30 1 1
github.com/dvpalkin/mooring-simulator/internal/input/handler.go:151.30,158.5 2 1
github.com/dvpalkin/mooring-simulator/internal/input/handler.go:159.4,159.23 1 1
github.com/dvpalkin/mooring-simulator/internal/input/handler.go:163.2,163.13 1 1
github.com/dvpalkin/mooring-simulator/internal/input/handler.go:167.86,170.35 3 1
github.com/dvpalkin/mooring-simulator/internal/input/handler.go:170.35,172.18 2 1
github.com/dvpalkin/mooring-simulator/internal/input/handler.go:172.18,173.12 1 0
github.com/dvpalkin/mooring-simulator/internal/input/handler.go:175.3,178.19 4 1
github.com/dvpalkin/mooring-simulator/internal/input/handler.go:178.19,181.4 2 1
github.com/dvpalkin/mooring-simulator/internal/input/handler.go:183.2,183.50 1 1
github.com/dvpalkin/mooring-simulator/internal/input/handler.go:183.50,185.3 1 1
github.com/dvpalkin/mooring-simulator/internal/input/handler.go:186.2,186.12 1 1
github.com/dvpalkin/mooring-simulator/internal/input/handler.go:190.58,195.2 1 1
github.com/dvpalkin/mooring-simulator/internal/input/handler.go:197.32,197.63 1 1
github.com/dvpalkin/mooring-simulator/internal/input/handler.go:199.33,201.2 1 1
github.com/dvpalkin/mooring-simulator/internal/input/handler.go:203.46,204.26 1 1
github.com/dvpalkin/mooring-simulator/internal/input/handler.go:204.26,206.3 1 1
github.com/dvpalkin/mooring-simulator/internal/input/handler.go:207.2,207.26 1 1
github.com/dvpalkin/mooring-simulator/internal/input/handler.go:210.56,211.26 1 1
github.com/dvpalkin/mooring-simulator/internal/input/handler.go:211.26,212.17 1 1
github.com/dvpalkin/mooring-simulator/internal/input/handler.go:212.17,214.4 1 1
github.com/dvpalkin/mooring-simulator/internal/input/handler.go:216.2,216.12 1 0
github.com/dvpalkin/mooring-simulator/internal/input/handler.go:220.62,223.30 3 1
github.com/dvpalkin/mooring-simulator/internal/input/handler.go:223.30,224.17 1 1
github.com/dvpalkin/mooring-simulator/internal/input/handler.go:224.17,226.4 1 1
github.com/dvpalkin/mooring-simulator/internal/input/handler.go:227.3,227.17 1 1
github.com/dvpalkin/mooring-simulator/internal/input/handler.go:227.17,229.4 1 0
github.com/dvpalkin/mooring-simulator/internal/input/handler.go:230.3,230.17 1 1
github.com/dvpalkin/mooring-simulator/internal/input/handler.go:230.17,232.4 1 1
github.com/dvpalkin/mooring-simulator/internal/input/handler.go:233.3,233.17 1 1
github.com/dvpalkin/mooring-simulator/internal/input/handler.go:233.17,235.4 1 0
github.com/dvpalkin/mooring-simulator/internal/input/handler.go:237.2,237.65 1 1
github.com/dvpalkin/mooring-simulator/internal/input/handler.go:241.61,242.11 1 1
github.com/dvpalkin/mooring-simulator/internal/input/handler.go:243.30,244.32 1 0
github.com/dvpalkin/mooring-simulator/internal/input/handler.go:245.30,246.29 1 0
github.com/dvpalkin/mooring-simulator/internal/input/handler.go:247.27,248.29 1 1
github.com/dvpalkin/mooring-simulator/internal/input/handler.go:249.27,250.29 1 1
github.com/dvpalkin/mooring-simulator/internal/input/handler.go:251.10,252.11 1 1
github.com/dvpalkin/mooring-simulator/internal/input/handler.go:257.60,258.11 1 1
github.com/dvpalkin/mooring-simulator/internal/input/handler.go:259.27,260.29 1 0
github.com/dvpalkin/mooring-simulator/internal/input/handler.go:261.27,262.29 1 0
github.com/dvpalkin/mooring-simulator/internal/input/handler.go:263.27,264.32 1 1
github.com/dvpalkin/mooring-simulator/internal/input/handler.go:265.30,266.32 1 1
github.com/dvpalkin/mooring-simulator/internal/input/handler.go:267.10,268.11 1 1
github.com/dvpalkin/mooring-simulator/internal/input/handler.go:272.40,273.12 1 1
github.com/dvpalkin/mooring-simulator/internal/input/handler.go:273.12,275.3 1 1
github.com/dvpalkin/mooring-simulator/internal/input/handler.go:276.2,276.12 1 1
github.com/dvpalkin/mooring-simulator/internal/input/handler.go:276.12,278.3 1 1
github.com/dvpalkin/mooring-simulator/internal/input/handler.go:279.2,279.10 1 1
github.com/dvpalkin/mooring-simulator/internal/input/handler.go:282.40,284.11 2 1
github.com/dvpalkin/mooring-simulator/internal/input/handler.go:284.11,286.3 1 0
github.com/dvpalkin/mooring-simulator/internal/input/handler.go:287.2,287.10 1 1
